
services:
    service_container:
        class: Symfony\Component\DependencyInjection\ContainerInterface
        public: true
        synthetic: true
    Symfony\Component\DependencyInjection\Tests\Fixtures\Prototype\ServiceAttributes\BarWithService:
        class: Symfony\Component\DependencyInjection\Tests\Fixtures\Prototype\ServiceAttributes\BarWithService
        public: true
        tags:
            - foo
            - baz
        deprecated:
            package: vendor/package
            version: '1.1'
            message: '%service_id%'
        autoconfigure: true
        lazy: true
        arguments: [1]
        factory: f
    Symfony\Component\DependencyInjection\Tests\Fixtures\Prototype\ServiceAttributes\FooWithService:
        class: Symfony\Component\DependencyInjection\Tests\Fixtures\Prototype\ServiceAttributes\FooWithService
        public: true
        tags:
            - foo
            - baz
        deprecated:
            package: vendor/package
            version: '1.1'
            message: '%service_id%'
        autoconfigure: true
        lazy: true
        arguments: [1]
        factory: f
